<html>
<body>
<pre>
<h1>µVision Build Log</h1>
<h2>Tool Versions:</h2>
IDE-Version: ¦ÌVision V5.14.2
Copyright (C) 2015 ARM Ltd and ARM Germany GmbH. All rights reserved.
License Information: Cortex-M3, Microsoft, LIC=47GLQ-NUEN8-55HT2-9G7X5-UXXR8-GUUFK
 
Tool Versions:
Toolchain:       MDK-ARM Standard  Version: 5.11.0.0
Toolchain Path:  C:\Keil_v5\ARM\ARMCC\Bin
C Compiler:      Armcc.exe V5.04 update 1 (build 49)
Assembler:       Armasm.exe V5.04 update 1 (build 49)
Linker/Locator:  ArmLink.exe V5.04 update 1 (build 49)
Library Manager: ArmAr.exe V5.04 update 1 (build 49)
Hex Converter:   FromElf.exe V5.04 update 1 (build 49)
CPU DLL:         SARMCM3.DLL V5.11.0.0
Dialog DLL:      DARMSTM.DLL V1.65.0.0
Target DLL:      Segger\JL2CM3.dll V2.97.0.0
Dialog DLL:      TARMSTM.DLL V1.64.0.0
 
<h2>Project:</h2>
D:\AllProjects\GitHub\gokit-mcu-hw2\Project\gokit_mcu_stm32.uvproj
Project File Date:  11/14/2016

<h2>Output:</h2>
*** Using Compiler 'V5.04 update 1 (build 49)', folder: 'C:\Keil_v5\ARM\ARMCC\Bin'
Build target 'gokit_stm32'
assembling startup_stm32f10x_md.s...
compiling core_cm3.c...
compiling system_stm32f10x.c...
compiling misc.c...
compiling stm32f10x_adc.c...
compiling stm32f10x_bkp.c...
compiling stm32f10x_can.c...
compiling stm32f10x_cec.c...
compiling stm32f10x_crc.c...
compiling stm32f10x_dac.c...
compiling stm32f10x_dbgmcu.c...
compiling stm32f10x_dma.c...
compiling stm32f10x_exti.c...
compiling stm32f10x_flash.c...
compiling stm32f10x_fsmc.c...
compiling stm32f10x_gpio.c...
compiling stm32f10x_i2c.c...
compiling stm32f10x_iwdg.c...
compiling stm32f10x_pwr.c...
compiling stm32f10x_rcc.c...
compiling stm32f10x_rtc.c...
compiling stm32f10x_sdio.c...
compiling stm32f10x_spi.c...
compiling stm32f10x_tim.c...
compiling stm32f10x_usart.c...
compiling stm32f10x_wwdg.c...
compiling main.c...
compiling stm32f10x_it.c...
compiling delay.c...
compiling hal_key.c...
compiling Hal_led.c...
compiling hal_motor.c...
compiling hal_rgb_led.c...
compiling hal_temp_hum.c...
compiling hal_uart.c...
compiling hal_infrared.c...
compiling Protocol.c...
..\Protocol\Protocol.c(291): warning:  #550-D: variable "ret" was set but never used
      uint8_t ret = 0;
..\Protocol\Protocol.c: 1 warning, 0 errors
compiling ringbuffer.c...
..\Protocol\ringbuffer.c(97): warning:  #68-D: integer conversion resulted in a change of sign
                        return -1;
..\Protocol\ringbuffer.c: 1 warning, 0 errors
linking...
Program Size: Code=16984 RO-data=268 RW-data=108 ZI-data=2316  
FromELF: creating hex file...
".\Obj\gokit_mcu_stm32.axf" - 0 Error(s), 2 Warning(s).
</pre>
</body>
</html>
